// Jest Snapshot v1, https://goo.gl/fbAQLP

exports[`GifItem Test Debe de hacer match con el snapshot 1`] = `
<div>
  <div
    class="card"
  >
    <img
      alt="Dragon Ball"
      src="https://songoku.jpg"
    />
    <p>
      Dragon Ball
    </p>
  </div>
</div>
`;
